......EE.
======================================================================
ERROR: test_pipeline_class (test_pipeline.TestPipeline.test_pipeline_class)
----------------------------------------------------------------------
Traceback (most recent call last):
  File "C:\Users\THINKPAD L13\Projects\newmetatune\MetaTune\tests\test_pipeline.py", line 34, in test_pipeline_class
    results = pipeline.run(epochs=1, train_brain=False)
  File "C:\Users\THINKPAD L13\Projects\newmetatune\MetaTune\pipeline.py", line 71, in run
    best_params = optimizer.optimize(
        self.dataset_dna, X_train, y_train, X_val, y_val, task_type
    )
  File "C:\Users\THINKPAD L13\Projects\newmetatune\MetaTune\bilevel.py", line 53, in optimize
    val_metric = self._evaluate_hyperparams(hyperparams, X_train, y_train, X_val, y_val, task_type)
  File "C:\Users\THINKPAD L13\Projects\newmetatune\MetaTune\bilevel.py", line 92, in _evaluate_hyperparams
    result = trainer.run(epochs=10)
  File "C:\Users\THINKPAD L13\Projects\newmetatune\MetaTune\engine.py", line 162, in run
    self.prepare_data()
    ~~~~~~~~~~~~~~~~~^^
  File "C:\Users\THINKPAD L13\Projects\newmetatune\MetaTune\engine.py", line 38, in prepare_data
    df = pd.read_csv(self.data_path)
  File "C:\Users\THINKPAD L13\AppData\Local\Programs\Python\Python313\Lib\site-packages\pandas\io\parsers\readers.py", line 1026, in read_csv
    return _read(filepath_or_buffer, kwds)
  File "C:\Users\THINKPAD L13\AppData\Local\Programs\Python\Python313\Lib\site-packages\pandas\io\parsers\readers.py", line 620, in _read
    parser = TextFileReader(filepath_or_buffer, **kwds)
  File "C:\Users\THINKPAD L13\AppData\Local\Programs\Python\Python313\Lib\site-packages\pandas\io\parsers\readers.py", line 1620, in __init__
    self._engine = self._make_engine(f, self.engine)
                   ~~~~~~~~~~~~~~~~~^^^^^^^^^^^^^^^^
  File "C:\Users\THINKPAD L13\AppData\Local\Programs\Python\Python313\Lib\site-packages\pandas\io\parsers\readers.py", line 1880, in _make_engine
    self.handles = get_handle(
                   ~~~~~~~~~~^
        f,
        ^^
    ...<6 lines>...
        storage_options=self.options.get("storage_options", None),
        ^^^^^^^^^^^^^^^^^^^^^^^^^^^^^^^^^^^^^^^^^^^^^^^^^^^^^^^^^^
    )
    ^
  File "C:\Users\THINKPAD L13\AppData\Local\Programs\Python\Python313\Lib\site-packages\pandas\io\common.py", line 873, in get_handle
    handle = open(
        handle,
    ...<3 lines>...
        newline="",
    )
FileNotFoundError: [Errno 2] No such file or directory: 'temp.csv'

======================================================================
ERROR: test_pipeline_cli_logic (test_pipeline.TestPipeline.test_pipeline_cli_logic)
----------------------------------------------------------------------
Traceback (most recent call last):
  File "C:\Users\THINKPAD L13\Projects\newmetatune\MetaTune\tests\test_pipeline.py", line 51, in test_pipeline_cli_logic
    results = pipeline.run(epochs=args.epochs)
  File "C:\Users\THINKPAD L13\Projects\newmetatune\MetaTune\pipeline.py", line 71, in run
    best_params = optimizer.optimize(
        self.dataset_dna, X_train, y_train, X_val, y_val, task_type
    )
  File "C:\Users\THINKPAD L13\Projects\newmetatune\MetaTune\bilevel.py", line 53, in optimize
    val_metric = self._evaluate_hyperparams(hyperparams, X_train, y_train, X_val, y_val, task_type)
  File "C:\Users\THINKPAD L13\Projects\newmetatune\MetaTune\bilevel.py", line 92, in _evaluate_hyperparams
    result = trainer.run(epochs=10)
  File "C:\Users\THINKPAD L13\Projects\newmetatune\MetaTune\engine.py", line 162, in run
    self.prepare_data()
    ~~~~~~~~~~~~~~~~~^^
  File "C:\Users\THINKPAD L13\Projects\newmetatune\MetaTune\engine.py", line 38, in prepare_data
    df = pd.read_csv(self.data_path)
  File "C:\Users\THINKPAD L13\AppData\Local\Programs\Python\Python313\Lib\site-packages\pandas\io\parsers\readers.py", line 1026, in read_csv
    return _read(filepath_or_buffer, kwds)
  File "C:\Users\THINKPAD L13\AppData\Local\Programs\Python\Python313\Lib\site-packages\pandas\io\parsers\readers.py", line 620, in _read
    parser = TextFileReader(filepath_or_buffer, **kwds)
  File "C:\Users\THINKPAD L13\AppData\Local\Programs\Python\Python313\Lib\site-packages\pandas\io\parsers\readers.py", line 1620, in __init__
    self._engine = self._make_engine(f, self.engine)
                   ~~~~~~~~~~~~~~~~~^^^^^^^^^^^^^^^^
  File "C:\Users\THINKPAD L13\AppData\Local\Programs\Python\Python313\Lib\site-packages\pandas\io\parsers\readers.py", line 1880, in _make_engine
    self.handles = get_handle(
                   ~~~~~~~~~~^
        f,
        ^^
    ...<6 lines>...
        storage_options=self.options.get("storage_options", None),
        ^^^^^^^^^^^^^^^^^^^^^^^^^^^^^^^^^^^^^^^^^^^^^^^^^^^^^^^^^^
    )
    ^
  File "C:\Users\THINKPAD L13\AppData\Local\Programs\Python\Python313\Lib\site-packages\pandas\io\common.py", line 873, in get_handle
    handle = open(
        handle,
    ...<3 lines>...
        newline="",
    )
FileNotFoundError: [Errno 2] No such file or directory: 'temp.csv'

----------------------------------------------------------------------
Ran 9 tests in 0.445s

FAILED (errors=2)
­ƒºá Meta-Learner Brain initialized on cpu

======================================================================
­ƒÜÇ METATUNE ENTERPRISE PIPELINE STARTING
======================================================================

­ƒö╣ PHASE 1: Forensic Data Analysis
Ô£ô Success: Loaded 'test_pipeline_dummy.csv'
  Shape: 20 rows x 2 cols
   Ô£ô Task Type: classification
   Ô£ô Complexity Score: 0.688

­ƒö╣ PHASE 2: Neural Hyperparameter Prediction
ÔÜá´©Å No Knowledge Base found. Skipping training.
­ƒºè Cold Start: Using Heuristics to bootstrap...

   Ô£¿ OPTIMIZED CONFIGURATION GENERATED:
   Ôû║ learning_rate       : 0.002512552324199819
   Ôû║ weight_decay_l2     : 1e-05
   Ôû║ batch_size          : 32
   Ôû║ dropout             : 0.1
   Ôû║ optimizer_type      : adam

­ƒö╣ PHASE 3: Training Deployment
­ƒöä Starting Bilevel Optimization (Vizier Inspired) for 5 iterations.
   [STATE: INITIALIZE] Gathering initial 5 trials...
­ƒºè Cold Start: Using Heuristics to bootstrap...
­ƒºá Meta-Learner Brain initialized on cpu
­ƒôè Visualization saved: 'metatune_graph.png'
